
> react-typescript-starter@0.1.0 test
> react-scripts test --coverage

Browserslist: caniuse-lite is outdated. Please run:
  npx browserslist@latest --update-db
  Why you should do it regularly: https://github.com/browserslist/browserslist#browsers-data-updating
FAIL src/text.test.tsx
  ● renders the text 'Hello World' somewhere

    TestingLibraryElementError: Unable to find an element with the text: /Hello World/. This could be because the text is broken up by multiple elements. In this case, you can provide a function for your text matcher to make your matcher more flexible.

    Ignored nodes: comments, <script />, <style />
    [36m<body>[39m
      [36m<div>[39m
        [36m<div[39m
          [33mclass[39m=[32m"App"[39m
        [36m>[39m
          [36m<header[39m
            [33mclass[39m=[32m"App-header"[39m
          [36m>[39m
            [0mUD CISC275 with React Hooks and TypeScript[0m
          [36m</header>[39m
          [36m<p>[39m
            [0mEdit [0m
            [36m<code>[39m
              [0msrc/App.tsx[0m
            [36m</code>[39m
            [0m and save. This page will automatically reload. It is Tyran Rice Jr.[0m
          [36m</p>[39m
        [36m</div>[39m
      [36m</div>[39m
    [36m</body>[39m

       5 | test("renders the text 'Hello World' somewhere", () => {
       6 |     render(<App />);
    >  7 |     const texts = screen.getAllByText(/Hello World/);
         |                          ^
       8 |     expect(texts.length).toBeGreaterThanOrEqual(1);
       9 | });
      10 |

      at Object.getElementError (node_modules/@testing-library/dom/dist/config.js:38:19)
      at node_modules/@testing-library/dom/dist/query-helpers.js:90:38
      at getAllByText (node_modules/@testing-library/dom/dist/query-helpers.js:130:15)
      at Object.<anonymous> (src/text.test.tsx:7:26)

PASS src/App.test.tsx
----------|---------|----------|---------|---------|-------------------
File      | % Stmts | % Branch | % Funcs | % Lines | Uncovered Line #s 
----------|---------|----------|---------|---------|-------------------
All files |     100 |      100 |     100 |     100 |                   
 App.tsx  |     100 |      100 |     100 |     100 |                   
----------|---------|----------|---------|---------|-------------------

Test Suites: 1 failed, 1 passed, 2 total
Tests:       1 failed, 1 passed, 2 total
Snapshots:   0 total
Time:        1.643 s
Ran all test suites.
